// Vitest Snapshot v1, https://vitest.dev/guide/snapshot.html

exports[`Button > snapshot: outline variant, sm size, no href 1`] = `"<button class="inline-flex items-center justify-center rounded-md font-medium transition-[color,background-color,border-color,box-shadow,transform] duration-200 ease-out focus:outline-none focus-visible:ring-2 focus-visible:ring-offset-2 disabled:pointer-events-none disabled:opacity-50 motion-safe:hover:-translate-y-0.5 border-[1.5px] border-primary text-primary hover:bg-gray-50 focus:ring-primary-500 px-3 py-1.5 text-sm">  </button>"`;

exports[`Button > snapshot: primary variant, md size, no href (default button) 1`] = `"<button class="inline-flex items-center justify-center rounded-md font-medium transition-[color,background-color,border-color,box-shadow,transform] duration-200 ease-out focus:outline-none focus-visible:ring-2 focus-visible:ring-offset-2 disabled:pointer-events-none disabled:opacity-50 motion-safe:hover:-translate-y-0.5 bg-primary text-white hover:bg-primary-700 focus:ring-primary-500 px-4 py-2 text-base">  </button>"`;

exports[`Button > snapshot: secondary variant, lg size, with href (link) 1`] = `"<a href="https://example.com" class="inline-flex items-center justify-center rounded-md font-medium transition-[color,background-color,border-color,box-shadow,transform] duration-200 ease-out focus:outline-none focus-visible:ring-2 focus-visible:ring-offset-2 disabled:pointer-events-none disabled:opacity-50 motion-safe:hover:-translate-y-0.5 bg-secondary text-white hover:bg-yellow-500 focus:ring-secondary px-8 py-4 text-lg">  </a>"`;
